============================================================
  Generated by:           Genus(TM) Synthesis Solution 23.14-s090_1
  Generated on:           Aug 20 2026  03:33:04 pm
  Module:                 aer_baseline_link_top
  Operating conditions:   PVT_0P9V_125C 
  Interconnect mode:      global
  Area mode:              physical library
============================================================


Path 1: MET (0 ps) Setup Check with Pin u_serializer_frame_shift_q_reg[16]/CK->D
          Group: clk
     Startpoint: (R) u_capture_pending_o_reg[121]/CK
          Clock: (R) clk
       Endpoint: (F) u_serializer_frame_shift_q_reg[16]/D
          Clock: (R) clk

                     Capture       Launch     
        Clock Edge:+    9700            0     
       Src Latency:+       0            0     
       Net Latency:+       0 (I)        0 (I) 
           Arrival:=    9700            0     
                                              
             Setup:-     106                  
     Required Time:=    9594                  
      Launch Clock:-       0                  
         Data Path:-    9594                  
             Slack:=       0                  

#--------------------------------------------------------------------------------------------------------------
#            Timing Point              Flags   Arc   Edge    Cell     Fanout Load Trans Delay Arrival Instance 
#                                                                            (fF)  (ps)  (ps)   (ps)  Location 
#--------------------------------------------------------------------------------------------------------------
  u_capture_pending_o_reg[121]/CK      -       -     R     (arrival)     534    -     0     0       0    (-,-) 
  u_capture_pending_o_reg[121]/Q       -       CK->Q F     DFFRHQX1        3  9.7   252   328     328    (-,-) 
  g63156/Y                             -       A->Y  R     NOR2X2          1  5.5   175   223     552    (-,-) 
  g63014/Y                             -       B->Y  F     NAND2X4         1  6.1   138   159     710    (-,-) 
  g62946/Y                             -       A->Y  R     NOR2X6          1  6.3    81   117     828    (-,-) 
  g62906/Y                             -       B->Y  F     NAND2X6         2  7.4   112   106     933    (-,-) 
  g62886/Y                             -       A1->Y R     AOI22X4         2  7.7   148   152    1085    (-,-) 
  g62860/Y                             -       B->Y  R     CLKMX2X3        2  6.1    73   257    1342    (-,-) 
  g64357/Y                             -       B1->Y R     OA22X2          2  6.3   102   248    1591    (-,-) 
  g64356/Y                             -       A1->Y R     OA22X4          4 12.9   107   274    1865    (-,-) 
  g62766/Y                             -       B->Y  F     NAND2X6         3 10.7   146   135    2000    (-,-) 
  g62749/Y                             -       B->Y  R     NOR2X6          2  7.1    91   111    2111    (-,-) 
  g62745/Y                             -       B->Y  R     CLKAND2X6       6 18.2    80   146    2257    (-,-) 
  g62737/Y                             -       B->Y  R     CLKAND2X6       3  9.6    52   126    2383    (-,-) 
  g62731/Y                             -       B->Y  R     CLKAND2X6       2  8.9    51   113    2496    (-,-) 
  g62729/Y                             -       A->Y  F     CLKINVX4        2 10.0    80    71    2566    (-,-) 
  g62726/Y                             -       B->Y  R     NOR2X8          3 12.0   102    91    2658    (-,-) 
  g62720/Y                             -       B->Y  F     NAND2X6         3 10.4   145   131    2788    (-,-) 
  g62707/Y                             -       B->Y  R     NAND2X2         1  4.7    82   113    2901    (-,-) 
  g64354/Y                             -       A1->Y F     AOI22X2         1  5.4   225   192    3093    (-,-) 
  g62689/Y                             -       B0->Y R     OAI2BB1X4       1  4.7    71   134    3227    (-,-) 
  g62680/Y                             -       A->Y  R     OR3X6          12 31.5   126   173    3401    (-,-) 
  g62675/Y                             -       A->Y  F     NOR2X4          4 15.9   137   138    3539    (-,-) 
  g62650/Y                             -       A->Y  F     CLKAND2X12     16 40.4   116   197    3736    (-,-) 
  g62590/Y                             -       A1->Y F     AO22X4          1  4.6    71   242    3979    (-,-) 
  g62456/Y                             -       B0->Y R     AOI21X2         1  6.3   175   143    4121    (-,-) 
  g62437/Y                             -       C->Y  F     NAND3X6         1  6.1   179   183    4304    (-,-) 
  g62429/Y                             -       B->Y  R     NOR2X6          2  7.5    98   127    4431    (-,-) 
  g62422/Y                             -       A->Y  F     CLKINVX4        1  5.4    58    77    4509    (-,-) 
  g62407/Y                             -       A1->Y R     AOI22X4         2  6.3   139   118    4626    (-,-) 
  g64348/Y                             -       A1->Y R     OA22X4          2  6.3    75   275    4902    (-,-) 
  g64343/Y                             -       B1->Y R     OA22X4          2  7.6    82   228    5130    (-,-) 
  g62319/Y                             -       B->Y  F     NOR2X4          2  7.4    92    79    5208    (-,-) 
  g64340/Y                             -       B0->Y R     AOI2BB1X4       2  7.7   112   122    5330    (-,-) 
  g62290/Y                             -       B->Y  R     AND2X6          2  7.5    58   186    5516    (-,-) 
  g62280/Y                             -       B->Y  R     CLKAND2X6       2  9.7    52   116    5633    (-,-) 
  g62276/Y                             -       B->Y  F     NAND2X8         3  9.4   108    91    5724    (-,-) 
  g62273/Y                             -       A->Y  R     CLKINVX4        1  7.1    60    78    5802    (-,-) 
  g62266/Y                             -       B->Y  F     NAND2X8         3 12.6   130   108    5910    (-,-) 
  g62264/Y                             -       A->Y  R     CLKINVX8        3  9.2    55    77    5987    (-,-) 
  g62260/Y                             -       B->Y  R     CLKAND2X6       4 15.6    72   126    6113    (-,-) 
  g62255/Y                             -       B->Y  F     NAND2X4         2  7.8   153   124    6236    (-,-) 
  g62246/Y                             -       B->Y  R     NAND2X4         2  8.1    85   106    6342    (-,-) 
  g62228/Y                             -       C->Y  R     OR3X6           2 11.3    59   128    6470    (-,-) 
  g62221/Y                             -       B->Y  F     NAND2X8         1  5.4    89    79    6549    (-,-) 
  g62220/Y                             -       A->Y  R     NAND2X4         1  5.5    62    72    6620    (-,-) 
  g62214/Y                             -       B->Y  F     NOR2X4          6 17.0   149   103    6723    (-,-) 
  g62210/Y                             -       A->Y  R     INVX3           5 12.4   112   127    6850    (-,-) 
  g62189/Y                             -       B->Y  R     OR2X2           3 10.8   129   191    7042    (-,-) 
  g62180/Y                             -       B->Y  R     OR2X4          12 33.3   188   230    7272    (-,-) 
  g62161/Y                             -       A->Y  F     INVX3           8 18.6   193   191    7463    (-,-) 
  g62011/Y                             -       A->Y  F     AND2X2          2  6.6   101   209    7673    (-,-) 
  g61490__4733/Y                       -       A1->Y R     AOI22X2         1  4.1   156   156    7829    (-,-) 
  g61026__7410/Y                       -       B0->Y R     OA21X1          1  4.3   107   250    8079    (-,-) 
  g60585__4733/Y                       -       A->Y  F     NAND2X1         1  4.1   256   219    8298    (-,-) 
  g60304__5526/Y                       -       A->Y  F     OR4X1           1  4.1   137   437    8734    (-,-) 
  g60167__4319/Y                       -       B->Y  F     OR4X1           1  4.1   136   372    9106    (-,-) 
  g60166__5107/Y                       -       B->Y  F     OR2X1           2  5.9   163   223    9329    (-,-) 
  g60165__2398/Y                       -       A1->Y F     AO22X1          1  4.2   126   265    9594    (-,-) 
  u_serializer_frame_shift_q_reg[16]/D <<<     -     F     DFFRHQX1        1    -     -     0    9594    (-,-) 
#--------------------------------------------------------------------------------------------------------------

