============================================================
  Generated by:           Genus(TM) Synthesis Solution 23.14-s090_1
  Generated on:           Aug 20 2026  03:33:04 pm
  Module:                 aer_baseline_link_top
  Operating conditions:   PVT_0P9V_125C 
  Interconnect mode:      global
  Area mode:              physical library
============================================================

Timing
--------

Clock Period 
-------------
clk   9700.0 


  Cost    Critical         Violating 
 Group   Path Slack  TNS     Paths   
-------------------------------------
clk             0.0   0.0          0 
default    No paths   0.0            
-------------------------------------
Total                 0.0          0 

Instance Count
--------------
Leaf Instance Count             2941 
Physical Instance count            0 
Sequential Instance Count        534 
Combinational Instance Count    2407 
Hierarchical Instance Count        0 

Area
----
Cell Area                          9548.640
Physical Cell Area                 0.000
Total Cell Area (Cell+Physical)    9548.640
Net Area                           3841.563
Total Area (Cell+Physical+Net)     13390.203

Max Fanout                         534 (clk)
Min Fanout                         0 (rst_n)
Average Fanout                     2.2
Terms to net ratio                 3.0975
Terms to instance ratio            3.6494
Runtime                            289.04857499999997 seconds
Elapsed Runtime                    285 seconds
Genus peak memory usage            1842.36 
Innovus peak memory usage          no_value 
Hostname                           snu.polaris.09
