============================================================
  Generated by:           Genus(TM) Synthesis Solution 23.14-s090_1
  Generated on:           Aug 24 2026  05:47:53 pm
  Module:                 aer_adaptive_link_top
  Operating conditions:   PVT_0P9V_125C 
  Interconnect mode:      global
  Area mode:              physical library
============================================================

Timing
--------

Clock Period 
-------------
clk   9400.0 


  Cost    Critical         Violating 
 Group   Path Slack  TNS     Paths   
-------------------------------------
clk             0.0   0.0          0 
default    No paths   0.0            
-------------------------------------
Total                 0.0          0 

Instance Count
--------------
Leaf Instance Count             5028 
Physical Instance count            0 
Sequential Instance Count        575 
Combinational Instance Count    4453 
Hierarchical Instance Count        0 

Area
----
Cell Area                          16092.810
Physical Cell Area                 0.000
Total Cell Area (Cell+Physical)    16092.810
Net Area                           6951.969
Total Area (Cell+Physical+Net)     23044.779

Max Fanout                         575 (clk)
Min Fanout                         0 (rst_n)
Average Fanout                     2.4
Terms to net ratio                 3.3086
Terms to instance ratio            3.8343
Runtime                            1534.3088480000001 seconds
Elapsed Runtime                    1514 seconds
Genus peak memory usage            3865.71 
Innovus peak memory usage          no_value 
Hostname                           snu.polaris.09
