============================================================
  Generated by:           Genus(TM) Synthesis Solution 23.14-s090_1
  Generated on:           Aug 24 2026  05:47:53 pm
  Module:                 aer_adaptive_link_top
  Operating conditions:   PVT_0P9V_125C 
  Interconnect mode:      global
  Area mode:              physical library
============================================================


Path 1: MET (0 ps) Setup Check with Pin u_serializer_frame_shift_q_reg[17]/CK->D
          Group: clk
     Startpoint: (R) u_capture_pending_o_reg[142]/CK
          Clock: (R) clk
       Endpoint: (F) u_serializer_frame_shift_q_reg[17]/D
          Clock: (R) clk

                     Capture       Launch     
        Clock Edge:+    9400            0     
       Src Latency:+       0            0     
       Net Latency:+       0 (I)        0 (I) 
           Arrival:=    9400            0     
                                              
             Setup:-     169                  
     Required Time:=    9231                  
      Launch Clock:-       0                  
         Data Path:-    9231                  
             Slack:=       0                  

#---------------------------------------------------------------------------------------------------------------
#            Timing Point              Flags    Arc   Edge    Cell     Fanout Load Trans Delay Arrival Instance 
#                                                                             (fF)  (ps)  (ps)   (ps)  Location 
#---------------------------------------------------------------------------------------------------------------
  u_capture_pending_o_reg[142]/CK      -       -      R     (arrival)     575    -     0     0       0    (-,-) 
  u_capture_pending_o_reg[142]/Q       -       CK->Q  R     DFFRX2          5 13.8   171   345     345    (-,-) 
  g217833/Y                            -       B->Y   F     NOR2X2          1  5.0   106   139     484    (-,-) 
  g217608/Y                            -       A->Y   F     CLKAND2X6       3 10.8    67   149     633    (-,-) 
  g217291/Y                            -       A->Y   F     CLKAND2X6       1  5.0    42   116     750    (-,-) 
  g217196/Y                            -       A->Y   F     CLKAND2X6       3  9.6    62   114     864    (-,-) 
  g219480/Y                            -       A1N->Y F     AOI2BB1X4       2  7.5    88   184    1048    (-,-) 
  g216716/Y                            -       B->Y   R     NOR2X4          1  5.5    91    93    1142    (-,-) 
  g219466/Y                            -       B0->Y  F     AOI2BB1X4       2  6.2    79    86    1228    (-,-) 
  g219328/Y                            -       A1->Y  F     OA21X1          2  7.9   214   245    1473    (-,-) 
  g216402/Y                            -       A1->Y  R     OAI22X2         2  6.9   229   239    1712    (-,-) 
  g216278/Y                            -       A->Y   R     OR2X6           5 16.6    76   216    1928    (-,-) 
  g216247/Y                            -       B->Y   F     NOR2X6          2  8.2    63    69    1996    (-,-) 
  g216214/Y                            -       B->Y   F     CLKAND2X6       3 12.3    74   123    2119    (-,-) 
  g216202/Y                            -       B->Y   R     NAND2X4         3 10.8    81    76    2196    (-,-) 
  g216170/Y                            -       A1->Y  F     OAI22X2         1  5.3   224   188    2384    (-,-) 
  g216141/Y                            -       B0->Y  R     AOI21X4         1  4.7   103   158    2542    (-,-) 
  g219432/Y                            -       B0->Y  F     OAI2BB1X2       1  6.8   224   198    2739    (-,-) 
  g216068/Y                            -       A->Y   R     NOR3X8          5 21.2   231   266    3005    (-,-) 
  g216062/Y                            -       A->Y   F     CLKINVX8        8 21.7   123   155    3160    (-,-) 
  g216054/Y                            -       A->Y   R     NOR2X6          4 15.5   141   148    3308    (-,-) 
  g216036/Y                            -       A->Y   R     CLKAND2X12     13 34.0    84   193    3501    (-,-) 
  g215986/Y                            -       A1->Y  R     AO22X1          1  5.5   136   272    3773    (-,-) 
  g215853/Y                            -       A->Y   F     NOR2X4          1  5.0    69   105    3878    (-,-) 
  g215771/Y                            -       B->Y   F     CLKAND2X6       1  6.1    48   111    3989    (-,-) 
  g215707/Y                            -       A->Y   R     NAND2X6         2  6.9    50    49    4038    (-,-) 
  g215660/Y                            -       A->Y   R     CLKMX2X3        2  7.5    84   215    4253    (-,-) 
  g218921/Y                            -       B->Y   F     MXI2X2          2  7.1   105   262    4516    (-,-) 
  g2/Y                                 -       B->Y   F     CLKMX2X3        2  6.3    84   223    4738    (-,-) 
  g215496/Y                            -       B->Y   F     CLKMX2X3        4 14.1   150   249    4987    (-,-) 
  g215470/Y                            -       B->Y   R     NAND2X8         4 13.9    74    96    5083    (-,-) 
  g215440/Y                            -       A->Y   F     NOR2X6          4 12.7    84    86    5169    (-,-) 
  g215426/Y                            -       B->Y   F     CLKAND2X6       2  7.9    54   123    5292    (-,-) 
  g215404/Y                            -       B->Y   F     CLKAND2X6       3 12.3    74   119    5411    (-,-) 
  g215387/Y                            -       B->Y   F     CLKAND2X6       4 17.9    99   142    5553    (-,-) 
  g215362/Y                            -       B->Y   R     NAND2X6         2  8.9    64    72    5625    (-,-) 
  g215338/Y                            -       B->Y   F     NAND2X6         3 10.8   144   116    5741    (-,-) 
  g215317/Y                            -       B->Y   R     NOR2X2          1  4.7   144   151    5892    (-,-) 
  g215304/Y                            -       A->Y   F     NAND2X2         1  5.3   190   193    6085    (-,-) 
  g215288/Y                            -       A->Y   R     NOR2X4          1  6.3   110   155    6240    (-,-) 
  g215228/Y                            -       A->Y   F     NOR2X6          3  9.9    77    97    6336    (-,-) 
  g215222/Y                            -       A->Y   R     CLKINVX4        3  8.2    60    67    6403    (-,-) 
  g215046/Y                            -       B->Y   R     OR2X2           3  9.2   112   155    6558    (-,-) 
  g214811/Y                            -       A->Y   R     OR2X4           9 22.9   136   202    6760    (-,-) 
  g214695/Y                            -       A->Y   F     CLKINVX6       24 55.8   274   209    6970    (-,-) 
  g214591__6131/Y                      -       A2->Y  R     AOI31X2         1  4.1   140   230    7200    (-,-) 
  g214439__7098/Y                      -       B->Y   R     AND2X1          1  4.7   113   235    7435    (-,-) 
  g214403__6161/Y                      -       C->Y   F     NAND3X2         1  4.2   249   209    7644    (-,-) 
  g214329__5122/Y                      -       B->Y   R     NOR2X1          1  4.1   228   259    7902    (-,-) 
  g214311__1617/Y                      -       A->Y   R     AND2X1          1  4.7   113   264    8167    (-,-) 
  g219372/Y                            -       C->Y   F     NAND3X2         1  4.1   252   206    8373    (-,-) 
  g213822__6260/Y                      -       B->Y   F     OR3X1           1  4.1   125   326    8700    (-,-) 
  g212753__5107/Y                      -       C->Y   F     OR3X1           2  5.9   169   268    8968    (-,-) 
  g212622__2398/Y                      -       A1N->Y F     OAI2BB1X1       1  4.2   265   263    9231    (-,-) 
  u_serializer_frame_shift_q_reg[17]/D <<<     -      F     DFFRHQX1        1    -     -     0    9231    (-,-) 
#---------------------------------------------------------------------------------------------------------------

