============================================================
  Generated by:           Genus(TM) Synthesis Solution 23.14-s090_1
  Generated on:           Aug 25 2026  02:26:03 pm
  Module:                 aer_adaptive_link_top
  Operating conditions:   PVT_0P9V_125C 
  Interconnect mode:      global
  Area mode:              physical library
============================================================

Timing
--------

Clock  Period 
--------------
clk   10000.0 


  Cost    Critical         Violating 
 Group   Path Slack  TNS     Paths   
-------------------------------------
clk             0.2   0.0          0 
default    No paths   0.0            
-------------------------------------
Total                 0.0          0 

Instance Count
--------------
Leaf Instance Count             9652 
Physical Instance count            0 
Sequential Instance Count       1087 
Combinational Instance Count    8565 
Hierarchical Instance Count        0 

Area
----
Cell Area                          28344.276
Physical Cell Area                 0.000
Total Cell Area (Cell+Physical)    28344.276
Net Area                           12511.321
Total Area (Cell+Physical+Net)     40855.597

Max Fanout                         1087 (clk)
Min Fanout                         0 (dense_mode)
Average Fanout                     2.4
Terms to net ratio                 3.4339
Terms to instance ratio            3.6765
Runtime                            2563.079680999999 seconds
Elapsed Runtime                    2541 seconds
Genus peak memory usage            3156.72 
Innovus peak memory usage          no_value 
Hostname                           snu.polaris.09
