============================================================
  Generated by:           Genus(TM) Synthesis Solution 23.14-s090_1
  Generated on:           Aug 25 2026  02:26:03 pm
  Module:                 aer_adaptive_link_top
  Operating conditions:   PVT_0P9V_125C 
  Interconnect mode:      global
  Area mode:              physical library
============================================================


Path 1: MET (0 ps) Setup Check with Pin u_capture_repeat_count_reg[192][1]/CK->D
          Group: clk
     Startpoint: (R) u_capture_pending_o_reg[234]/CK
          Clock: (R) clk
       Endpoint: (F) u_capture_repeat_count_reg[192][1]/D
          Clock: (R) clk

                     Capture       Launch     
        Clock Edge:+   10000            0     
       Src Latency:+       0            0     
       Net Latency:+       0 (I)        0 (I) 
           Arrival:=   10000            0     
                                              
             Setup:-     167                  
     Required Time:=    9833                  
      Launch Clock:-       0                  
         Data Path:-    9833                  
             Slack:=       0                  

#--------------------------------------------------------------------------------------------------------------
#            Timing Point              Flags    Arc   Edge   Cell     Fanout Load Trans Delay Arrival Instance 
#                                                                            (fF)  (ps)  (ps)   (ps)  Location 
#--------------------------------------------------------------------------------------------------------------
  u_capture_pending_o_reg[234]/CK      -       -      R     (arrival)   1087    -     0     0       0    (-,-) 
  u_capture_pending_o_reg[234]/Q       -       CK->Q  F     SDFFRHQX2      8 20.2   267   349     349    (-,-) 
  g570539/Y                            -       A->Y   F     OR2X1          2  7.8   210   320     669    (-,-) 
  g568663/Y                            -       C->Y   R     NOR4X4         1  4.9   192   236     905    (-,-) 
  g568596/Y                            -       B->Y   R     CLKAND2X6      3 12.4    62   180    1085    (-,-) 
  g568540/Y                            -       A->Y   F     CLKINVX6       3 10.0    63    64    1149    (-,-) 
  g568210/Y                            -       A1->Y  R     AOI22X4        1  4.4   114   108    1257    (-,-) 
  g568163/Y                            -       A->Y   R     CLKAND2X3      4 12.1    99   180    1437    (-,-) 
  g573067/Y                            -       A1->Y  R     OA22X4         1  4.4    65   249    1686    (-,-) 
  g568004/Y                            -       B->Y   R     CLKAND2X3      3  9.1    79   136    1822    (-,-) 
  g567951/Y                            -       A->Y   R     CLKAND2X2      2  8.5   104   174    1997    (-,-) 
  g567889/Y                            -       C->Y   F     NAND3X6        1  6.8   182   159    2155    (-,-) 
  g567850/Y                            -       A->Y   R     NOR2X8         4 12.7   112   150    2306    (-,-) 
  g567812/Y                            -       B->Y   R     CLKAND2X6      3  9.0    51   139    2444    (-,-) 
  g567766/Y                            -       B->Y   R     CLKAND2X6      4 15.0    70   123    2568    (-,-) 
  g567728/Y                            -       B->Y   F     NAND2X8        3  8.2   105    94    2662    (-,-) 
  g572893/Y                            -       A1N->Y F     OAI2BB1X1      1  4.1   259   232    2894    (-,-) 
  g572892/Y                            -       A->Y   R     INVXL          1  4.7   217   261    3155    (-,-) 
  g567622/Y                            -       B->Y   R     OR4X6          4 12.9    67   221    3376    (-,-) 
  g567599/Y                            -       A->Y   R     CLKAND2X3      6 19.3   147   185    3561    (-,-) 
  g567577/Y                            -       B->Y   R     CLKAND2X8     16 43.0   133   210    3771    (-,-) 
  g567563/Y                            -       B->Y   F     NAND2X1        1  4.2   264   228    3998    (-,-) 
  g567425/Y                            -       A->Y   F     CLKAND2X2      1  5.4    87   247    4245    (-,-) 
  g567319/Y                            -       A->Y   R     NAND2X4        1  6.3    58    73    4318    (-,-) 
  g567299/Y                            -       A->Y   F     NOR2X6         2  6.6    55    63    4381    (-,-) 
  g567264/Y                            -       B->Y   F     OR2X2          1  6.8   113   192    4573    (-,-) 
  g567209/Y                            -       A->Y   R     NAND2X8        4 15.1    78    86    4659    (-,-) 
  g567131/Y                            -       A1->Y  F     AOI22X4        1  5.0   149   144    4803    (-,-) 
  g567094/Y                            -       A->Y   F     CLKAND2X6      2  7.8    55   164    4967    (-,-) 
  g567067/Y                            -       B->Y   R     NOR2X4         1  6.3   102    83    5050    (-,-) 
  g567064/Y                            -       B->Y   F     NOR2X6         4 11.6    85    89    5139    (-,-) 
  g567038/Y                            -       A->Y   F     CLKAND2X3      2  9.0    94   156    5294    (-,-) 
  g567032/Y                            -       A->Y   R     INVX3          3 10.4    90    93    5387    (-,-) 
  g567012/Y                            -       B->Y   R     OR2X1          2  8.9   196   197    5584    (-,-) 
  g573038/Y                            -       B1->Y  F     OAI221X4       1  4.6   222   259    5844    (-,-) 
  g566956/Y                            -       B0->Y  R     AOI2BB1X2      1  4.7   144   200    6044    (-,-) 
  g566938/Y                            -       A->Y   F     NAND2X2        1  4.6   176   182    6226    (-,-) 
  g573036/Y                            -       C0->Y  R     AOI221X2       1  4.3   225   227    6453    (-,-) 
  g566849/Y                            -       A->Y   R     AND3X4         5 15.6   137   405    6858    (-,-) 
  g566847/Y                            -       A->Y   F     CLKINVX4       5 14.3   121   128    6985    (-,-) 
  g566827/Y                            -       A->Y   F     OR2X2          3  8.2   131   242    7228    (-,-) 
  g566744/Y                            -       B->Y   F     OR2X2          5 13.8   200   274    7501    (-,-) 
  g566726/Y                            -       A->Y   R     INVX3         10 25.5   207   202    7704    (-,-) 
  g566587/Y                            -       B->Y   R     CLKAND2X2      7 17.1   193   270    7974    (-,-) 
  g565818/Y                            -       B1->Y  R     AO22X1         4 10.5   238   345    8319    (-,-) 
  g565675/Y                            -       A->Y   F     INVX1          2  6.1   202   235    8554    (-,-) 
  g565234/Y                            -       B->Y   F     OR2X1          2  6.4   175   258    8812    (-,-) 
  g564872/Y                            -       A->Y   R     INVX1          1  4.1   121   155    8966    (-,-) 
  g563722/Y                            -       A1->Y  R     AO21X1         3  9.4   212   291    9258    (-,-) 
  g562831__6131/Y                      -       B->Y   F     NAND2X1        1  4.1   267   268    9526    (-,-) 
  g561826__6260/Y                      -       A1N->Y F     OAI2BB1X1      1  4.2   260   307    9833    (-,-) 
  u_capture_repeat_count_reg[192][1]/D <<<     -      F     DFFRHQX1       1    -     -     0    9833    (-,-) 
#--------------------------------------------------------------------------------------------------------------

