============================================================
  Generated by:           Genus(TM) Synthesis Solution 23.14-s090_1
  Generated on:           Aug 24 2026  05:16:46 pm
  Module:                 aer_adaptive_link_top
  Operating conditions:   PVT_0P9V_125C 
  Interconnect mode:      global
  Area mode:              physical library
============================================================


Path 1: MET (0 ps) Setup Check with Pin u_serializer_frame_shift_q_reg[17]/CK->D
          Group: clk
     Startpoint: (R) u_capture_pending_o_reg[196]/CK
          Clock: (R) clk
       Endpoint: (F) u_serializer_frame_shift_q_reg[17]/D
          Clock: (R) clk

                     Capture       Launch     
        Clock Edge:+    9700            0     
       Src Latency:+       0            0     
       Net Latency:+       0 (I)        0 (I) 
           Arrival:=    9700            0     
                                              
             Setup:-     169                  
     Required Time:=    9531                  
      Launch Clock:-       0                  
         Data Path:-    9531                  
             Slack:=       0                  

#---------------------------------------------------------------------------------------------------------------
#            Timing Point              Flags    Arc   Edge    Cell     Fanout Load Trans Delay Arrival Instance 
#                                                                             (fF)  (ps)  (ps)   (ps)  Location 
#---------------------------------------------------------------------------------------------------------------
  u_capture_pending_o_reg[196]/CK      -       -      R     (arrival)     575    -     0     0       0    (-,-) 
  u_capture_pending_o_reg[196]/Q       -       CK->Q  F     DFFRX2          4 12.5   172   300     300    (-,-) 
  g226850/Y                            -       B->Y   R     NOR2X4          4 13.1   180   178     477    (-,-) 
  g226518/Y                            -       B->Y   R     AND2X6          3 11.6    72   226     703    (-,-) 
  g226244/Y                            -       B->Y   F     NAND2X4         4 12.0   213   156     859    (-,-) 
  g226168/Y                            -       A->Y   R     INVX2           3 11.2   153   182    1042    (-,-) 
  g226011/Y                            -       B->Y   F     NAND2X1         1  4.2   266   238    1280    (-,-) 
  g225834/Y                            -       A1N->Y F     AOI2BB1X4       1  5.3    82   272    1552    (-,-) 
  g225674/Y                            -       B->Y   R     NAND2X4         1  5.5    64    65    1617    (-,-) 
  g225617/Y                            -       B0->Y  F     AOI2BB1X4       1  5.3    73    70    1686    (-,-) 
  g225528/Y                            -       B0->Y  R     OAI21X4         1  5.5   114    61    1748    (-,-) 
  g225410/Y                            -       B0->Y  F     AOI211X4        2  6.4   165   101    1849    (-,-) 
  g225292/Y                            -       C->Y   R     XOR3X1          2  7.1   168   289    2138    (-,-) 
  g225220/Y                            -       A1->Y  F     OAI21X2         2  7.3   257   240    2378    (-,-) 
  g225136/Y                            -       B->Y   F     AND2X1          1  4.1   116   227    2606    (-,-) 
  g225077/Y                            -       C->Y   F     OR4X1           1  4.1   136   338    2944    (-,-) 
  g225071/Y                            -       B0->Y  F     AO21X1          1  4.1   120   210    3154    (-,-) 
  g225023/Y                            -       C->Y   F     OR3X1           1  4.1   124   242    3395    (-,-) 
  g224924/Y                            -       C->Y   F     OR3X1           1  5.3   154   260    3655    (-,-) 
  g224841/Y                            -       C->Y   R     NOR3X4          2  7.4   180   170    3825    (-,-) 
  g224794/Y                            -       B->Y   R     CLKAND2X12     15 45.3   103   209    4034    (-,-) 
  g224772/Y                            -       B->Y   R     OR2X6           3 10.0    55   130    4165    (-,-) 
  g224760/Y                            -       A->Y   F     INVX2           2  6.1    93    81    4246    (-,-) 
  g224711/Y                            -       B1->Y  F     AO22X1          1  4.6   137   212    4458    (-,-) 
  g224669/Y                            -       B->Y   F     OR2X6           4 12.5    86   197    4655    (-,-) 
  g224602/Y                            -       B1->Y  R     AOI22X2         1  4.2   162   129    4784    (-,-) 
  g224558/Y                            -       A->Y   R     CLKAND2X2       2  6.7    86   204    4988    (-,-) 
  g224518/Y                            -       B->Y   F     NAND2X2         1  4.6   164   142    5131    (-,-) 
  g224492/Y                            -       A->Y   F     OR2X6           4 14.0    92   225    5356    (-,-) 
  g224475/Y                            -       B->Y   R     NOR2X6          2  7.9    89    92    5447    (-,-) 
  g224465/Y                            -       B->Y   R     CLKAND2X6       2 10.1    54   131    5578    (-,-) 
  g224453/Y                            -       B->Y   F     NAND2X8         2  7.3    98    84    5662    (-,-) 
  g224447/Y                            -       A->Y   R     CLKINVX4        2  8.3    64    77    5739    (-,-) 
  g228256/Y                            -       C->Y   F     NAND3X4         2  6.6   225   165    5904    (-,-) 
  g224425/Y                            -       B->Y   R     NAND2X2         2  6.3   110   164    6068    (-,-) 
  g224392/Y                            -       B->Y   R     OR2X4           2  7.3    58   149    6216    (-,-) 
  g224337/Y                            -       A->Y   F     NOR2X2          2  7.6   122   102    6319    (-,-) 
  g228254/Y                            -       D->Y   R     NAND4BX4        1  4.7    83    88    6406    (-,-) 
  g224309/Y                            -       A->Y   R     AND2X6          2  8.9    64   185    6591    (-,-) 
  g224302/Y                            -       A->Y   F     CLKINVX4        7 20.2   147   112    6704    (-,-) 
  g224277/Y                            -       B->Y   R     NAND2X4         5 14.2   105   120    6824    (-,-) 
  g224235/Y                            -       B->Y   R     OR2X4          11 27.8   160   203    7026    (-,-) 
  g224101/Y                            -       A->Y   F     CLKINVX8       23 60.8   238   197    7223    (-,-) 
  g223759/Y                            -       B1->Y  R     AOI22X2         1  4.3   163   208    7431    (-,-) 
  g223544/Y                            -       B->Y   F     NAND2X1         1  4.1   262   241    7672    (-,-) 
  g223334/Y                            -       B0->Y  F     AO21X1          1  4.6   132   272    7944    (-,-) 
  g223214/Y                            -       D->Y   F     OR4X6          18 39.4   235   371    8315    (-,-) 
  g222846__3680/Y                      -       A1N->Y F     OAI2BB1X1       1  4.1   260   290    8605    (-,-) 
  g228197/Y                            -       AN->Y  F     NAND3BX2        1  4.1   247   343    8948    (-,-) 
  g222532__5107/Y                      -       C->Y   F     OR3X1           2  5.9   170   319    9267    (-,-) 
  g221742__2398/Y                      -       A1N->Y F     OAI2BB1X1       1  4.2   264   264    9531    (-,-) 
  u_serializer_frame_shift_q_reg[17]/D <<<     -      F     DFFRHQX1        1    -     -     0    9531    (-,-) 
#---------------------------------------------------------------------------------------------------------------

