============================================================
  Generated by:           Genus(TM) Synthesis Solution 23.14-s090_1
  Generated on:           Aug 24 2026  05:16:46 pm
  Module:                 aer_adaptive_link_top
  Operating conditions:   PVT_0P9V_125C 
  Interconnect mode:      global
  Area mode:              physical library
============================================================

Timing
--------

Clock Period 
-------------
clk   9700.0 


  Cost    Critical         Violating 
 Group   Path Slack  TNS     Paths   
-------------------------------------
clk             0.3   0.0          0 
default    No paths   0.0            
-------------------------------------
Total                 0.0          0 

Instance Count
--------------
Leaf Instance Count             5138 
Physical Instance count            0 
Sequential Instance Count        575 
Combinational Instance Count    4563 
Hierarchical Instance Count        0 

Area
----
Cell Area                          15848.280
Physical Cell Area                 0.000
Total Cell Area (Cell+Physical)    15848.280
Net Area                           7072.353
Total Area (Cell+Physical+Net)     22920.633

Max Fanout                         575 (clk)
Min Fanout                         0 (dense_mode)
Average Fanout                     2.3
Terms to net ratio                 3.3066
Terms to instance ratio            3.8163
Runtime                            1585.2391470000002 seconds
Elapsed Runtime                    1566 seconds
Genus peak memory usage            3902.32 
Innovus peak memory usage          no_value 
Hostname                           snu.polaris.09
