============================================================
  Generated by:           Genus(TM) Synthesis Solution 23.14-s090_1
  Generated on:           Aug 20 2026  03:09:10 pm
  Module:                 aer_adaptive_link_top
  Operating conditions:   PVT_0P9V_125C 
  Interconnect mode:      global
  Area mode:              physical library
============================================================


Path 1: MET (1 ps) Setup Check with Pin u_serializer_frame_shift_q_reg[17]/CK->D
          Group: clk
     Startpoint: (R) u_capture_pending_o_reg[62]/CK
          Clock: (R) clk
       Endpoint: (F) u_serializer_frame_shift_q_reg[17]/D
          Clock: (R) clk

                     Capture       Launch     
        Clock Edge:+   10000            0     
       Src Latency:+       0            0     
       Net Latency:+       0 (I)        0 (I) 
           Arrival:=   10000            0     
                                              
             Setup:-     169                  
     Required Time:=    9831                  
      Launch Clock:-       0                  
         Data Path:-    9830                  
             Slack:=       1                  

#---------------------------------------------------------------------------------------------------------------
#            Timing Point              Flags    Arc   Edge    Cell     Fanout Load Trans Delay Arrival Instance 
#                                                                             (fF)  (ps)  (ps)   (ps)  Location 
#---------------------------------------------------------------------------------------------------------------
  u_capture_pending_o_reg[62]/CK       -       -      R     (arrival)     572    -     0     0       0    (-,-) 
  u_capture_pending_o_reg[62]/Q        -       CK->Q  F     DFFRX2          5 14.6   198   314     314    (-,-) 
  g214377/Y                            -       B->Y   R     NOR2X4          3 11.4   166   179     493    (-,-) 
  g216600/Y                            -       C->Y   F     NAND4X6         1  6.8   276   272     765    (-,-) 
  g213333/Y                            -       A->Y   R     NOR2X8          3  9.4   110   181     946    (-,-) 
  g213262/Y                            -       A->Y   F     INVX3           3  9.2   103   108    1054    (-,-) 
  g213076/Y                            -       B1->Y  R     AOI22X2         1  4.9   174   147    1201    (-,-) 
  g213000/Y                            -       A->Y   R     CLKAND2X6       4 11.3    58   183    1384    (-,-) 
  g212833/Y                            -       A1N->Y R     AOI2BB1X4       1  7.1   106   149    1533    (-,-) 
  g212792/Y                            -       B->Y   F     NAND2X8         4 12.6   136   128    1661    (-,-) 
  g212704/Y                            -       B->Y   F     OR2X6           5 16.5   103   206    1867    (-,-) 
  g212683/Y                            -       B->Y   R     NOR2X4          2  6.2   100   104    1971    (-,-) 
  g212632/Y                            -       B->Y   R     CLKAND2X2       1  4.9    68   153    2125    (-,-) 
  g212608/Y                            -       B->Y   R     CLKAND2X6       2  9.7    54   121    2246    (-,-) 
  g212561/Y                            -       B->Y   F     NAND2X8         2  8.1    99    87    2333    (-,-) 
  g212545/Y                            -       A->Y   R     CLKINVX6        2  9.7    57    70    2403    (-,-) 
  g212543/Y                            -       B->Y   F     NAND2X8         6 18.4   176   130    2532    (-,-) 
  g216404/Y                            -       B->Y   R     NOR2BX4         3 11.2   162   168    2700    (-,-) 
  g212479/Y                            -       B->Y   R     CLKAND2X6       2  8.9    51   160    2860    (-,-) 
  g212436/Y                            -       B->Y   F     NOR2X6          2  6.7    86    53    2913    (-,-) 
  g216402/Y                            -       B->Y   R     NAND2BX2        2  7.5   101    98    3012    (-,-) 
  g216399/Y                            -       A1N->Y R     OAI2BB2X2       1  6.3   195   224    3236    (-,-) 
  g212370/Y                            -       B->Y   F     NOR2X6          4 13.3   103   137    3373    (-,-) 
  g212345/Y                            -       B->Y   F     AND2X4          5 18.5   140   184    3557    (-,-) 
  g212314/Y                            -       A->Y   F     CLKAND2X12     16 39.3   114   197    3754    (-,-) 
  g212264/Y                            -       A1->Y  F     AO22X1          1  4.6   137   246    4000    (-,-) 
  g212108/Y                            -       B->Y   R     NOR2X2          1  4.2   132   141    4142    (-,-) 
  g212060/Y                            -       A->Y   R     CLKAND2X2       1  5.5    74   183    4325    (-,-) 
  g212025/Y                            -       B->Y   F     NAND2X4         2  8.7   160   131    4456    (-,-) 
  g211939/Y                            -       A1->Y  R     AOI21X4         1  7.1   120   152    4608    (-,-) 
  g211921/Y                            -       B->Y   F     NAND2X8         4 13.6   145   138    4746    (-,-) 
  g211873/Y                            -       A1->Y  R     AOI22X4         1  5.5   126   155    4901    (-,-) 
  g211842/Y                            -       A->Y   F     NAND2X4         2  6.6   139   150    5051    (-,-) 
  g211832/Y                            -       B->Y   R     MXI2X4          4 15.1    95   282    5333    (-,-) 
  g211807/Y                            -       B->Y   F     NAND2X6         3  9.6   134   123    5457    (-,-) 
  g211799/Y                            -       A->Y   R     INVX3           2  7.5    77   102    5558    (-,-) 
  g211768/Y                            -       A->Y   R     CLKAND2X6       4 11.9    60   139    5698    (-,-) 
  g211751/Y                            -       B->Y   R     CLKAND2X6       2  7.5    46   114    5811    (-,-) 
  g211728/Y                            -       B->Y   R     CLKAND2X6       2  7.7    46   108    5919    (-,-) 
  g216519/Y                            -       C->Y   R     AND3X6          4 14.5    99   241    6160    (-,-) 
  g216378/Y                            -       AN->Y  R     NOR2BX4         3 11.6   163   254    6414    (-,-) 
  g216380/Y                            -       D->Y   F     NOR4BX4         1  4.6    85   114    6528    (-,-) 
  g211639/Y                            -       A->Y   R     NAND2X2         1  4.3    71    83    6611    (-,-) 
  g211587/Y                            -       S0->Y  R     MX2X1           2  7.7   177   242    6853    (-,-) 
  g211473/Y                            -       A->Y   F     INVX3          10 24.8   243   214    7067    (-,-) 
  g211302/Y                            -       B->Y   R     NAND2X6         4 22.3   128   162    7229    (-,-) 
  g211228/Y                            -       B->Y   F     NOR2X8         17 40.0   171   146    7374    (-,-) 
  g211147/Y                            -       B->Y   R     NAND2X8        13 29.2   127   128    7502    (-,-) 
  drc_bufs215958/Y                     -       A->Y   R     BUFX4           4 10.3    72   161    7663    (-,-) 
  g210767/Y                            -       B0->Y  R     OA22X1          1  4.3   109   241    7904    (-,-) 
  g210601__9945/Y                      -       A->Y   F     NAND2X1         1  4.1   257   220    8124    (-,-) 
  g216471/Y                            -       AN->Y  F     NAND3BX2        1  4.1   247   342    8466    (-,-) 
  g210087__6783/Y                      -       B->Y   F     OR4X1           1  4.1   137   420    8885    (-,-) 
  g209254__4319/Y                      -       C->Y   F     OR4X1           1  4.1   136   347    9232    (-,-) 
  g208992__5107/Y                      -       D->Y   F     OR4X1           2  5.9   181   330    9562    (-,-) 
  g208860__2398/Y                      -       A1N->Y F     OAI2BB1X1       1  4.2   264   268    9830    (-,-) 
  u_serializer_frame_shift_q_reg[17]/D <<<     -      F     DFFRHQX1        1    -     -     0    9830    (-,-) 
#---------------------------------------------------------------------------------------------------------------

