============================================================
  Generated by:           Genus(TM) Synthesis Solution 23.14-s090_1
  Generated on:           Aug 20 2026  03:09:10 pm
  Module:                 aer_adaptive_link_top
  Operating conditions:   PVT_0P9V_125C 
  Interconnect mode:      global
  Area mode:              physical library
============================================================

Timing
--------

Clock  Period 
--------------
clk   10000.0 


  Cost    Critical         Violating 
 Group   Path Slack  TNS     Paths   
-------------------------------------
clk             0.6   0.0          0 
default    No paths   0.0            
-------------------------------------
Total                 0.0          0 

Instance Count
--------------
Leaf Instance Count             5501 
Physical Instance count            0 
Sequential Instance Count        572 
Combinational Instance Count    4929 
Hierarchical Instance Count        0 

Area
----
Cell Area                          16410.528
Physical Cell Area                 0.000
Total Cell Area (Cell+Physical)    16410.528
Net Area                           7530.204
Total Area (Cell+Physical+Net)     23940.732

Max Fanout                         572 (clk)
Min Fanout                         0 (block_base_q[3])
Average Fanout                     2.4
Terms to net ratio                 3.3636
Terms to instance ratio            3.7989
Runtime                            1416.628578 seconds
Elapsed Runtime                    1399 seconds
Genus peak memory usage            4274.61 
Innovus peak memory usage          no_value 
Hostname                           snu.polaris.09
