============================================================
  Generated by:           Genus(TM) Synthesis Solution 23.14-s090_1
  Generated on:           Aug 22 2026  03:13:56 pm
  Module:                 aer_adaptive_link_top
  Operating conditions:   PVT_0P9V_125C 
  Interconnect mode:      global
  Area mode:              physical library
============================================================

Timing
--------

Clock  Period 
--------------
clk   10000.0 


  Cost    Critical         Violating 
 Group   Path Slack  TNS     Paths   
-------------------------------------
clk             0.3   0.0          0 
default    No paths   0.0            
-------------------------------------
Total                 0.0          0 

Instance Count
--------------
Leaf Instance Count             5093 
Physical Instance count            0 
Sequential Instance Count        575 
Combinational Instance Count    4518 
Hierarchical Instance Count        0 

Area
----
Cell Area                          15759.702
Physical Cell Area                 0.000
Total Cell Area (Cell+Physical)    15759.702
Net Area                           7048.215
Total Area (Cell+Physical+Net)     22807.917

Max Fanout                         575 (clk)
Min Fanout                         0 (dense_mode)
Average Fanout                     2.4
Terms to net ratio                 3.3143
Terms to instance ratio            3.8362
Runtime                            1640.070552 seconds
Elapsed Runtime                    1621 seconds
Genus peak memory usage            3907.92 
Innovus peak memory usage          no_value 
Hostname                           snu.polaris.09
