============================================================
  Generated by:           Genus(TM) Synthesis Solution 23.14-s090_1
  Generated on:           Aug 22 2026  03:13:56 pm
  Module:                 aer_adaptive_link_top
  Operating conditions:   PVT_0P9V_125C 
  Interconnect mode:      global
  Area mode:              physical library
============================================================


Path 1: MET (0 ps) Setup Check with Pin row_base_q_reg[3]/CK->SI
          Group: clk
     Startpoint: (R) u_capture_pending_o_reg[132]/CK
          Clock: (R) clk
       Endpoint: (R) row_base_q_reg[3]/SI
          Clock: (R) clk

                     Capture       Launch     
        Clock Edge:+   10000            0     
       Src Latency:+       0            0     
       Net Latency:+       0 (I)        0 (I) 
           Arrival:=   10000            0     
                                              
             Setup:-     246                  
     Required Time:=    9754                  
      Launch Clock:-       0                  
         Data Path:-    9754                  
             Slack:=       0                  

#----------------------------------------------------------------------------------------------------------
#          Timing Point           Flags    Arc   Edge    Cell     Fanout Load Trans Delay Arrival Instance 
#                                                                        (fF)  (ps)  (ps)   (ps)  Location 
#----------------------------------------------------------------------------------------------------------
  u_capture_pending_o_reg[132]/CK -       -      R     (arrival)     575    -     0     0       0    (-,-) 
  u_capture_pending_o_reg[132]/Q  -       CK->Q  R     DFFRX2          6 16.2   195   359     359    (-,-) 
  g226349/Y                       -       B->Y   F     NOR2X2          1  5.0   109   152     511    (-,-) 
  g226265/Y                       -       A->Y   F     CLKAND2X6       2  8.2    56   144     656    (-,-) 
  g226184/Y                       -       A->Y   R     INVX3           3  9.0    76    70     725    (-,-) 
  g226006/Y                       -       B->Y   R     OR2X4           3  8.2    63   133     858    (-,-) 
  g225838/Y                       -       C->Y   R     OR3X1           2  7.3   165   170    1028    (-,-) 
  g225574/Y                       -       A1->Y  F     OAI22X2         1  4.6   205   224    1252    (-,-) 
  g225426/Y                       -       C->Y   F     OR3X6           1  5.3    71   263    1516    (-,-) 
  g225363/Y                       -       B0->Y  R     AOI2BB1X4       1  5.5    89    99    1614    (-,-) 
  g225279/Y                       -       B0->Y  F     OAI21X4         1  5.3   132   129    1744    (-,-) 
  g225132/Y                       -       B0->Y  R     AOI211X4        2  6.5   177   188    1932    (-,-) 
  g225106/Y                       -       A1N->Y R     AOI2BB1X4       2  6.8   108   207    2139    (-,-) 
  g225064/Y                       -       B->Y   R     CLKAND2X2       2  7.3    92   171    2310    (-,-) 
  g224995/Y                       -       B->Y   F     NAND2X2         2  6.6   220   176    2485    (-,-) 
  g224860/Y                       -       A0->Y  R     AOI21X2         1  4.7   154   212    2698    (-,-) 
  g224833/Y                       -       C->Y   F     NAND3X2         1  4.1   251   226    2924    (-,-) 
  g224817/Y                       -       B0->Y  F     AO21X1          1  4.1   120   260    3184    (-,-) 
  g224781/Y                       -       B->Y   F     OR3X1           1  4.6   137   276    3460    (-,-) 
  g224761/Y                       -       B->Y   F     OR2X6           1  6.1    58   182    3642    (-,-) 
  g224617/Y                       -       D->Y   R     NOR4X6          2  7.4   184   132    3773    (-,-) 
  g224559/Y                       -       B->Y   R     CLKAND2X12     17 59.1   126   224    3997    (-,-) 
  g224542/Y                       -       B0->Y  F     AOI2BB1X4       4 13.9   128   131    4129    (-,-) 
  g224457/Y                       -       A1->Y  F     AO22X2          1  4.6    91   258    4387    (-,-) 
  g224421/Y                       -       B->Y   F     OR2X6           4 12.8    86   177    4564    (-,-) 
  g224348/Y                       -       A1->Y  R     AOI22X2         1  4.2   159   150    4714    (-,-) 
  g224296/Y                       -       B->Y   R     CLKAND2X2       2  9.1   111   204    4918    (-,-) 
  g224287/Y                       -       B->Y   F     NAND2X8         4 13.5   143   134    5052    (-,-) 
  g224269/Y                       -       B->Y   R     NOR2X6          2  7.3    92   111    5162    (-,-) 
  g227941/Y                       -       B->Y   F     NAND2BX2        2  8.6   271   206    5368    (-,-) 
  g224225/Y                       -       B->Y   R     NOR2X6          2  8.3   115   169    5538    (-,-) 
  g224214/Y                       -       B->Y   R     CLKAND2X6       2  9.7    53   141    5679    (-,-) 
  g224201/Y                       -       B->Y   F     NAND2X8         3  9.2   112    91    5770    (-,-) 
  g227936/Y                       -       B->Y   R     NOR2BX2         2  7.7   205   173    5943    (-,-) 
  g224189/Y                       -       A->Y   F     INVX3           3  9.4   119   157    6101    (-,-) 
  g224124/Y                       -       A1N->Y F     AOI2BB1X2       2  7.9   152   230    6331    (-,-) 
  g224097/Y                       -       B->Y   R     NAND2X2         2  7.7   119   134    6465    (-,-) 
  g224084/Y                       -       B->Y   F     NOR2X1          1  4.6   158   146    6610    (-,-) 
  g224064/Y                       -       A->Y   R     NAND2X2         1  6.3   102   132    6742    (-,-) 
  g224049/Y                       -       A->Y   F     NAND2X6         6 17.1   213   178    6920    (-,-) 
  g224044/Y                       -       A->Y   R     INVX2           2  8.1   121   164    7085    (-,-) 
  g224026/Y                       -       A->Y   F     NOR2X2          3  9.1   154   148    7232    (-,-) 
  g224021/Y                       -       B->Y   F     AND2X6         18 48.7   233   248    7480    (-,-) 
  g224009/Y                       -       A->Y   R     CLKINVX4       16 35.2   218   217    7697    (-,-) 
  g223699/Y                       -       B1->Y  R     OA22X1          1  4.1   105   289    7986    (-,-) 
  g223371/Y                       -       B->Y   R     AND2X1          1  4.7   113   218    8204    (-,-) 
  g228015/Y                       -       C->Y   F     NAND3X2         1  4.6   265   218    8422    (-,-) 
  g222953/Y                       -       B->Y   F     OR3X6          18 39.9   221   400    8822    (-,-) 
  g222940/Y                       -       A->Y   R     INVX2           1  5.5    96   153    8975    (-,-) 
  g222893__6131/Y                 -       A1->Y  F     OAI22X4         4 10.5   225   196    9170    (-,-) 
  g221514__1666/CO                -       B->CO  F     ADDHX1          1  4.4   123   209    9379    (-,-) 
  g221255__3680/CO                -       B->CO  F     ADDHX1          1  4.3   120   162    9541    (-,-) 
  g221254__8428/Y                 -       B->Y   R     CLKXOR2X1       1  4.3   107   213    9754    (-,-) 
  row_base_q_reg[3]/SI            <<<     -      R     SDFFRHQX1       1    -     -     0    9754    (-,-) 
#----------------------------------------------------------------------------------------------------------

