============================================================
  Generated by:           Genus(TM) Synthesis Solution 23.14-s090_1
  Generated on:           Aug 25 2026  11:56:11 am
  Module:                 aer_adaptive_link_top
  Operating conditions:   PVT_0P9V_125C 
  Interconnect mode:      global
  Area mode:              physical library
============================================================


Path 1: MET (0 ps) Setup Check with Pin g_overflow_block[6].u_buf_g_enabled.age_q_reg[1][10]/CK->D
          Group: clk
     Startpoint: (R) u_capture_pending_o_reg[235]/CK
          Clock: (R) clk
       Endpoint: (R) g_overflow_block[6].u_buf_g_enabled.age_q_reg[1][10]/D
          Clock: (R) clk

                     Capture       Launch     
        Clock Edge:+   10000            0     
       Src Latency:+       0            0     
       Net Latency:+       0 (I)        0 (I) 
           Arrival:=   10000            0     
                                              
             Setup:-     192                  
     Required Time:=    9808                  
      Launch Clock:-       0                  
         Data Path:-    9808                  
             Slack:=       0                  

#---------------------------------------------------------------------------------------------------------------------------------
#                     Timing Point                       Flags   Arc   Edge    Cell     Fanout  Load Trans Delay Arrival Instance 
#                                                                                               (fF)  (ps)  (ps)   (ps)  Location 
#---------------------------------------------------------------------------------------------------------------------------------
  u_capture_pending_o_reg[235]/CK                        -       -     R     (arrival)    2920     -     0     0       0    (-,-) 
  u_capture_pending_o_reg[235]/Q                         -       CK->Q F     DFFRHQX4        2   7.8    67   254     254    (-,-) 
  g3936/Y                                                -       A->Y  F     BUFX8           7  25.4   106   140     394    (-,-) 
  u_block_occupancy/g84751/Y                             -       B->Y  R     NOR2X6          1   6.3    80    91     485    (-,-) 
  u_block_occupancy/g84667/Y                             -       B->Y  F     NOR2X6          2   7.4    62    68     553    (-,-) 
  u_block_occupancy/g85399/Y                             -       AN->Y F     NAND2BX4        1   5.3   117   159     712    (-,-) 
  u_block_occupancy/g84443/Y                             -       B->Y  R     NAND2BX4        1   6.3    61    83     796    (-,-) 
  u_block_occupancy/g84384/Y                             -       A->Y  F     NAND2X6         1   4.6    89    92     888    (-,-) 
  u_block_occupancy/g85124/Y                             -       A->Y  F     OR3X6           1   6.1    74   250    1137    (-,-) 
  u_block_occupancy/g84031/Y                             -       B->Y  R     NOR2X6          1   4.9    66    71    1209    (-,-) 
  u_block_occupancy/g83842/Y                             -       A->Y  R     CLKAND2X6       1   7.1    44   125    1334    (-,-) 
  u_block_occupancy/g83828/Y                             -       A->Y  F     NAND2X8         1   6.8    96    87    1421    (-,-) 
  u_block_occupancy/g83775/Y                             -       B->Y  R     NOR2X8          1   7.1    74    82    1503    (-,-) 
  u_block_occupancy/g83758/Y                             -       A->Y  F     NAND2X8         1   5.3    81    95    1598    (-,-) 
  g647722/Y                                              -       B->Y  R     NOR2X4          1   4.9    84    86    1685    (-,-) 
  g647254/Y                                              -       A->Y  R     CLKAND2X6       1   6.3    41   132    1816    (-,-) 
  g645771/Y                                              -       A->Y  F     NAND2X6         1   6.8   102    94    1910    (-,-) 
  g654765/Y                                              -       A->Y  R     NOR2X8          3  10.5    92   108    2019    (-,-) 
  g653955_dup/Y                                          -       B->Y  R     CLKAND2X6       9  25.9   107   161    2180    (-,-) 
  g654785/Y                                              -       B->Y  F     NOR2X4          3  11.5   114   106    2286    (-,-) 
  g644342/Y                                              -       B->Y  R     NAND2X6         1   6.3    56    74    2359    (-,-) 
  g644289/Y                                              -       A->Y  F     NAND2X6         1   6.8   107   101    2461    (-,-) 
  g644158/Y                                              -       A->Y  R     NOR2X8          2   7.9    79   103    2564    (-,-) 
  fopt652726/Y                                           -       A->Y  F     INVX3           3   9.9   104    96    2660    (-,-) 
  g643905/Y                                              -       B0->Y R     AOI21X2         1   4.7   144   139    2799    (-,-) 
  g643733/Y                                              -       A1->Y F     OAI21X2         1   4.1   163   179    2978    (-,-) 
  g643473/Y                                              -       A1->Y F     AO22X1          1   6.8   190   300    3277    (-,-) 
  g642922/Y                                              -       A->Y  R     NOR4X8          1   7.1   166   244    3521    (-,-) 
  g642272/Y                                              -       A->Y  F     NAND2X8         4  17.7   172   189    3710    (-,-) 
  g641715/Y                                              -       AN->Y F     NAND2BX4        2   7.1   151   226    3936    (-,-) 
  g641565/Y                                              -       A->Y  F     OR2X6           1   9.6    73   208    4145    (-,-) 
  fopt652750/Y                                           -       A->Y  R     CLKINVX16      17  54.7    93    85    4230    (-,-) 
  g641032/Y                                              -       A1->Y F     AOI22X4         1   4.1   135   145    4375    (-,-) 
  g640834/Y                                              -       A->Y  F     AND2X2          1   5.0    80   170    4545    (-,-) 
  g640578/Y                                              -       A->Y  F     CLKAND2X6       1   5.5    44   124    4668    (-,-) 
  g640456/Y                                              -       B->Y  F     CLKAND2X12     11  31.8    96   132    4800    (-,-) 
  g640227/Y                                              -       B->Y  R     NOR2X2          1   7.1   189   158    4958    (-,-) 
  g639015/Y                                              -       A->Y  F     NOR2X8          6  15.1    96   138    5096    (-,-) 
  g651091/Y                                              -       C->Y  F     OR3X4           2   8.8   111   268    5364    (-,-) 
  g636660/Y                                              -       A->Y  R     NAND2X8         1   7.1    51    74    5438    (-,-) 
  g636584/Y                                              -       B->Y  F     NOR3X8          1   5.0    54    55    5494    (-,-) 
  g636344/Y                                              -       B->Y  F     CLKAND2X6       2  10.8    67   115    5608    (-,-) 
  g636247/Y                                              -       A->Y  R     NAND2X8         2   9.7    50    58    5667    (-,-) 
  g636109/Y                                              -       B->Y  F     NAND2X8         2   9.3   106    90    5757    (-,-) 
  g636006/Y                                              -       B->Y  R     NOR2X8          2  10.1    91    96    5853    (-,-) 
  g635861/Y                                              -       B->Y  F     NAND2X8         3  12.9   136   122    5975    (-,-) 
  g635747/Y                                              -       B->Y  R     NOR2X8          3  11.6   103   113    6088    (-,-) 
  g635600/Y                                              -       B->Y  F     NAND2X8         3  11.5   128   122    6211    (-,-) 
  g635462/Y                                              -       B->Y  R     NOR2X8          3  12.0   104   111    6322    (-,-) 
  g635319/Y                                              -       B->Y  F     NAND2X8         3  11.4   128   122    6444    (-,-) 
  g635176/Y                                              -       B->Y  R     NOR2X6          2   9.1   102   112    6555    (-,-) 
  g635126/Y                                              -       A->Y  F     CLKINVX6        3  11.4    76    86    6641    (-,-) 
  g635022/Y                                              -       B->Y  R     NAND2X6         4  14.7    83    73    6714    (-,-) 
  g634819/Y                                              -       A->Y  R     OR2X6           2   6.9    42   124    6838    (-,-) 
  g651169/Y                                              -       AN->Y R     NAND2BX2        1   8.8   112   144    6982    (-,-) 
  g3686/Y                                                -       A->Y  F     CLKINVX12      32  81.0   212   166    7148    (-,-) 
  g539951/Y                                              -       A->Y  F     OR2X2           4  12.6   185   315    7462    (-,-) 
  g658216/Y                                              -       D->Y  R     NOR4X4          1   5.5   209   196    7658    (-,-) 
  g533659/Y                                              -       A->Y  F     NAND2X4         1   6.1   134   188    7846    (-,-) 
  g533349/Y                                              -       A->Y  R     NOR2X6          3   9.6   109   129    7975    (-,-) 
  g530809/Y                                              -       B->Y  F     NAND2X2         1   6.1   206   177    8152    (-,-) 
  g526976/Y                                              -       A->Y  R     NOR3X6          2   7.7   135   204    8356    (-,-) 
  g524803/Y                                              -       B->Y  F     NOR2X4          2   7.7    97   106    8462    (-,-) 
  g522271/Y                                              -       A1->Y F     AO21X4          3   9.6   100   223    8685    (-,-) 
  g521722/Y                                              -       A->Y  R     INVX3           3  10.3    91    96    8780    (-,-) 
  g521053/Y                                              -       B->Y  R     CLKAND2X12     19  56.5   120   180    8960    (-,-) 
  g519665/Y                                              -       B->Y  F     NOR2X6          4  12.7    93   100    9060    (-,-) 
  g518428/Y                                              -       B->Y  F     CLKAND2X12     37 100.2   249   240    9301    (-,-) 
  g517223/Y                                              -       B->Y  R     NOR2X6          1  10.3   126   168    9469    (-,-) 
  g516580/Y                                              -       A->Y  F     CLKINVX16      33  91.0   190   158    9627    (-,-) 
  g512623/Y                                              -       A1->Y R     OAI21X2         1   4.1   148   180    9808    (-,-) 
  g_overflow_block[6].u_buf_g_enabled.age_q_reg[1][10]/D <<<     -     R     DFFRX2          1     -     -     0    9808    (-,-) 
#---------------------------------------------------------------------------------------------------------------------------------

