============================================================
  Generated by:           Genus(TM) Synthesis Solution 23.14-s090_1
  Generated on:           Aug 25 2026  11:56:11 am
  Module:                 aer_adaptive_link_top
  Operating conditions:   PVT_0P9V_125C 
  Interconnect mode:      global
  Area mode:              physical library
============================================================

Timing
--------

Clock  Period 
--------------
clk   10000.0 


  Cost    Critical         Violating 
 Group   Path Slack  TNS     Paths   
-------------------------------------
clk             0.0   0.0          0 
default    No paths   0.0            
-------------------------------------
Total                 0.0          0 

Instance Count
--------------
Leaf Instance Count             81765 
Physical Instance count             0 
Sequential Instance Count        2920 
Combinational Instance Count    78845 
Hierarchical Instance Count         8 

Area
----
Cell Area                          226696.410
Physical Cell Area                 0.000
Total Cell Area (Cell+Physical)    226696.410
Net Area                           107075.041
Total Area (Cell+Physical+Net)     333771.451

Max Fanout                         2920 (clk)
Min Fanout                         0 (g_overflow_block[4].u_buf_g_enabled.age_q[1][1])
Average Fanout                     2.4
Terms to net ratio                 3.4695
Terms to instance ratio            3.6388
Runtime                            4815.261005000004 seconds
Elapsed Runtime                    4009 seconds
Genus peak memory usage            4136.07 
Innovus peak memory usage          no_value 
Hostname                           snu.polaris.09
