============================================================
  Generated by:           Genus(TM) Synthesis Solution 23.14-s090_1
  Generated on:           Aug 25 2026  11:56:05 am
  Module:                 aer_adaptive_link_top
  Technology libraries:   slow_vdd1v0 1.0
                          physical_cells 
  Operating conditions:   PVT_0P9V_125C 
  Interconnect mode:      global
  Area mode:              physical library
============================================================

          Instance                                                                                                Module                                                                                      Cell-Count  Cell-Area   Net-Area   Total-Area 
------------------------------------------------------------------------------------------------------------------------------------------------------------------------------------------------------------------------------------------------------------
aer_adaptive_link_top        NA                                                                                                                                                                                    81765 226696.410 107075.041   333771.451 
  g_overflow_block[0].u_buf  aer_block_overflow_buffer_OVERFLOW_DEPTH3_BLOCK_PIXELS16_COUNT_W2                                                                                                                      4625  12308.238   5970.221    18278.459 
  g_overflow_block[10].u_buf aer_block_overflow_buffer_OVERFLOW_DEPTH3_BLOCK_PIXELS16_COUNT_W2_10                                                                                                                   4709  12997.368   6121.641    19119.009 
  g_overflow_block[13].u_buf aer_block_overflow_buffer_OVERFLOW_DEPTH3_BLOCK_PIXELS16_COUNT_W2_13                                                                                                                   4573  12229.920   5959.007    18188.927 
  g_overflow_block[1].u_buf  aer_block_overflow_buffer_OVERFLOW_DEPTH3_BLOCK_PIXELS16_COUNT_W2_1                                                                                                                    4536  12141.000   5914.249    18055.249 
  g_overflow_block[2].u_buf  aer_block_overflow_buffer_OVERFLOW_DEPTH3_BLOCK_PIXELS16_COUNT_W2_2                                                                                                                    4664  12221.370   6024.369    18245.739 
  g_overflow_block[3].u_buf  aer_block_overflow_buffer_OVERFLOW_DEPTH3_BLOCK_PIXELS16_COUNT_W2_3                                                                                                                    4459  12317.472   5856.471    18173.943 
  g_overflow_block[8].u_buf  aer_block_overflow_buffer_OVERFLOW_DEPTH3_BLOCK_PIXELS16_COUNT_W2_8                                                                                                                    4627  12437.514   6010.076    18447.590 
  u_block_occupancy          aer_block_occupancy_X_SIZE16_Y_SIZE16_BLOCK_W4_BLOCK_H4_BLOCK_PIXELS16_BLOCK_X_COUNT4_BLOCK_Y_COUNT4_N_BLOCKS16_N_PIXELS256_OCC_W5_DENSE_ENTER_THRESHOLD3_DENSE_EXIT_THRESHOLD1        1117   3844.422   1068.986     4913.408 
