============================================================
  Generated by:           Genus(TM) Synthesis Solution 23.14-s090_1
  Generated on:           Aug 20 2026  02:41:24 pm
  Module:                 aer_baseline_link_top
  Operating conditions:   PVT_0P9V_125C 
  Interconnect mode:      global
  Area mode:              physical library
============================================================

Timing
--------

Clock  Period 
--------------
clk   10000.0 


  Cost    Critical         Violating 
 Group   Path Slack  TNS     Paths   
-------------------------------------
clk             0.2   0.0          0 
default    No paths   0.0            
-------------------------------------
Total                 0.0          0 

Instance Count
--------------
Leaf Instance Count             2940 
Physical Instance count            0 
Sequential Instance Count        534 
Combinational Instance Count    2406 
Hierarchical Instance Count        0 

Area
----
Cell Area                          9502.470
Physical Cell Area                 0.000
Total Cell Area (Cell+Physical)    9502.470
Net Area                           3820.143
Total Area (Cell+Physical+Net)     13322.613

Max Fanout                         534 (clk)
Min Fanout                         0 (rst_n)
Average Fanout                     2.2
Terms to net ratio                 3.0856
Terms to instance ratio            3.6303
Runtime                            287.951787 seconds
Elapsed Runtime                    283 seconds
Genus peak memory usage            1843.38 
Innovus peak memory usage          no_value 
Hostname                           snu.polaris.09
