============================================================
  Generated by:           Genus(TM) Synthesis Solution 23.14-s090_1
  Generated on:           Aug 20 2026  02:41:24 pm
  Module:                 aer_baseline_link_top
  Operating conditions:   PVT_0P9V_125C 
  Interconnect mode:      global
  Area mode:              physical library
============================================================


Path 1: MET (0 ps) Setup Check with Pin u_serializer_frame_shift_q_reg[16]/CK->D
          Group: clk
     Startpoint: (R) u_capture_pending_o_reg[33]/CK
          Clock: (R) clk
       Endpoint: (F) u_serializer_frame_shift_q_reg[16]/D
          Clock: (R) clk

                     Capture       Launch     
        Clock Edge:+   10000            0     
       Src Latency:+       0            0     
       Net Latency:+       0 (I)        0 (I) 
           Arrival:=   10000            0     
                                              
             Setup:-     106                  
     Required Time:=    9894                  
      Launch Clock:-       0                  
         Data Path:-    9894                  
             Slack:=       0                  

#---------------------------------------------------------------------------------------------------------------
#            Timing Point              Flags    Arc   Edge    Cell     Fanout Load Trans Delay Arrival Instance 
#                                                                             (fF)  (ps)  (ps)   (ps)  Location 
#---------------------------------------------------------------------------------------------------------------
  u_capture_pending_o_reg[33]/CK       -       -      R     (arrival)     534    -     0     0       0    (-,-) 
  u_capture_pending_o_reg[33]/Q        -       CK->Q  F     DFFRHQX1        3  9.7   252   328     328    (-,-) 
  g66499/Y                             -       A->Y   R     NOR2X2          1  6.3   192   233     562    (-,-) 
  g66381/Y                             -       B->Y   F     NAND2X6         1  6.1   115   148     710    (-,-) 
  g66310/Y                             -       B->Y   R     NOR2X6          1  7.1    86    98     808    (-,-) 
  g66267/Y                             -       B->Y   F     NAND2X8         3 10.7   121   112     920    (-,-) 
  g66238/Y                             -       A1->Y  R     AOI22X4         2  6.3   133   148    1067    (-,-) 
  g67813/Y                             -       B1->Y  R     OA22X4          2  6.1    73   253    1321    (-,-) 
  g67786/Y                             -       A1->Y  R     OA22X2          2  7.7   116   275    1596    (-,-) 
  g67811/Y                             -       B1->Y  R     OA22X4          4 12.5   105   262    1859    (-,-) 
  g66090/Y                             -       B->Y   R     AND2X4          2  7.5    75   215    2073    (-,-) 
  g66078/Y                             -       B->Y   R     CLKAND2X6       2  9.3    51   123    2197    (-,-) 
  g66073/Y                             -       B->Y   F     NAND2X8         4 13.5   141   107    2304    (-,-) 
  g66069/Y                             -       B->Y   R     NOR2X6          3 11.8   122   128    2432    (-,-) 
  g66064/Y                             -       B->Y   R     CLKAND2X6       2  9.1    52   143    2576    (-,-) 
  g66062/Y                             -       A->Y   F     CLKINVX6        3 10.1    62    59    2635    (-,-) 
  g66058/Y                             -       B->Y   F     OR2X6           2  6.4    59   149    2784    (-,-) 
  g66044/Y                             -       B->Y   F     CLKAND2X3       2  6.7    75   124    2907    (-,-) 
  g66034/Y                             -       B->Y   R     NAND2BX2        1  6.3    88    86    2993    (-,-) 
  g66033/Y                             -       A->Y   F     NOR2X6          2  7.8    65    81    3074    (-,-) 
  g66024/Y                             -       B->Y   R     NAND2X4         1  4.3    55    54    3128    (-,-) 
  g66016/Y                             -       S0->Y  F     MXI2X6          6 20.0   107   281    3409    (-,-) 
  g66014/Y                             -       A->Y   R     CLKINVX6        6 16.2    80    86    3495    (-,-) 
  g66001/Y                             -       B->Y   R     AND2X6          6 19.8    98   194    3688    (-,-) 
  g65982/Y                             -       B->Y   R     CLKAND2X12     16 43.6    99   171    3859    (-,-) 
  g65903/Y                             -       A1->Y  F     AOI22X2         1  4.2   199   183    4042    (-,-) 
  g65809/Y                             -       A->Y   F     CLKAND2X2       1  4.4    74   208    4249    (-,-) 
  g65762/Y                             -       B->Y   F     CLKAND2X3       1  6.1    69   128    4377    (-,-) 
  g65729/Y                             -       A->Y   R     NAND2X6         2  8.1    52    61    4438    (-,-) 
  g65704/Y                             -       A1->Y  F     AOI21X2         2  6.3   225   169    4607    (-,-) 
  g65683/Y                             -       A1N->Y F     AOI2BB1X4       2  7.5    88   261    4867    (-,-) 
  g65677/Y                             -       A->Y   R     INVX1           1  4.7   118   112    4979    (-,-) 
  g65655/Y                             -       A1->Y  F     AOI21X2         2  6.6   236   208    5187    (-,-) 
  g65636/Y                             -       B->Y   F     MX2X1           2  6.6   184   317    5504    (-,-) 
  g65621/Y                             -       B->Y   R     NAND2BX2        1  4.7    88   133    5637    (-,-) 
  g65596/Y                             -       A->Y   R     OR2X6           6 17.6    77   146    5782    (-,-) 
  g67768/Y                             -       C->Y   R     OR3X6           2  7.7    48   118    5900    (-,-) 
  g65577/Y                             -       B->Y   F     NAND2X4         2  7.1   136   107    6007    (-,-) 
  g67722/Y                             -       B->Y   R     NOR2BX2         1  4.9   148   150    6157    (-,-) 
  g65564/Y                             -       A->Y   R     CLKAND2X6       3  9.4    52   168    6325    (-,-) 
  g67766/Y                             -       A1->Y  R     OA22X2          1  4.7    86   246    6571    (-,-) 
  g65547/Y                             -       B0->Y  F     OAI2BB1X2       1  4.6   166   155    6726    (-,-) 
  g65541/Y                             -       A->Y   R     NOR2X2          3 11.2   278   253    6980    (-,-) 
  g65516/Y                             -       B->Y   F     NOR2X2          3  9.3   174   227    7206    (-,-) 
  drc_bufs67686/Y                      -       A->Y   R     INVX2           2  7.3   107   139    7346    (-,-) 
  drc_bufs67685/Y                      -       A->Y   F     INVX3           1  4.2    60    84    7430    (-,-) 
  g65463/Y                             -       B->Y   F     AND2X4         12 28.6   204   198    7628    (-,-) 
  g65445/Y                             -       A->Y   R     CLKINVX4       12 30.5   190   190    7817    (-,-) 
  g65367/Y                             -       B->Y   F     NOR2X2          2  6.6   126   160    7978    (-,-) 
  g64846__6783/Y                       -       B1->Y  R     AOI22X2         1  4.1   156   148    8126    (-,-) 
  g64644__6161/Y                       -       B0->Y  R     OA21X1          1  4.3   107   250    8376    (-,-) 
  g63990__6161/Y                       -       B->Y   F     NAND2X1         1  4.1   256   210    8586    (-,-) 
  g63702__2802/Y                       -       B->Y   F     OR4X1           1  4.1   137   424    9010    (-,-) 
  g63563__6260/Y                       -       A->Y   F     OR4X1           1  4.1   136   383    9393    (-,-) 
  g63561__5107/Y                       -       A->Y   F     OR2X1           2  5.9   163   236    9629    (-,-) 
  g63560__2398/Y                       -       A1->Y  F     AO22X1          1  4.2   126   265    9894    (-,-) 
  u_serializer_frame_shift_q_reg[16]/D <<<     -      F     DFFRHQX1        1    -     -     0    9894    (-,-) 
#---------------------------------------------------------------------------------------------------------------

