============================================================
  Generated by:           Genus(TM) Synthesis Solution 23.14-s090_1
  Generated on:           Aug 20 2026  03:56:56 pm
  Module:                 aer_adaptive_link_top
  Operating conditions:   PVT_0P9V_125C 
  Interconnect mode:      global
  Area mode:              physical library
============================================================


Path 1: MET (0 ps) Setup Check with Pin u_serializer_frame_shift_q_reg[17]/CK->D
          Group: clk
     Startpoint: (R) u_capture_pending_o_reg[238]/CK
          Clock: (R) clk
       Endpoint: (F) u_serializer_frame_shift_q_reg[17]/D
          Clock: (R) clk

                     Capture       Launch     
        Clock Edge:+    9300            0     
       Src Latency:+       0            0     
       Net Latency:+       0 (I)        0 (I) 
           Arrival:=    9300            0     
                                              
             Setup:-     169                  
     Required Time:=    9131                  
      Launch Clock:-       0                  
         Data Path:-    9131                  
             Slack:=       0                  

#---------------------------------------------------------------------------------------------------------------
#            Timing Point              Flags    Arc   Edge    Cell     Fanout Load Trans Delay Arrival Instance 
#                                                                             (fF)  (ps)  (ps)   (ps)  Location 
#---------------------------------------------------------------------------------------------------------------
  u_capture_pending_o_reg[238]/CK      -       -      R     (arrival)     572    -     0     0       0    (-,-) 
  u_capture_pending_o_reg[238]/Q       -       CK->Q  F     DFFRX2          6 16.7   224   328     328    (-,-) 
  g211543/Y                            -       A->Y   R     NOR2X2          1  6.3   181   220     548    (-,-) 
  g213449/Y                            -       A->Y   F     NAND3X6         1  4.6   158   205     753    (-,-) 
  g210841/Y                            -       A->Y   F     OR2X6           5 15.7   100   226     979    (-,-) 
  g210295/Y                            -       A1->Y  R     AOI22X2         1  7.1   220   194    1173    (-,-) 
  g210210/Y                            -       B->Y   F     NAND2X8         4 13.4   156   181    1354    (-,-) 
  g210048/Y                            -       A1->Y  R     AOI22X2         1  4.1   159   185    1539    (-,-) 
  g209994/Y                            -       A->Y   R     AND2X1          2  6.1   142   248    1787    (-,-) 
  g209896/Y                            -       A->Y   R     OR2X1           1  5.5   126   195    1982    (-,-) 
  g209729/Y                            -       A->Y   F     NOR2X4          2  7.1    81   108    2090    (-,-) 
  g209681/Y                            -       B->Y   F     OR2X6           2  7.8    65   161    2250    (-,-) 
  g209615/Y                            -       B->Y   R     NOR3X4          2  7.7   176   157    2408    (-,-) 
  g209586/Y                            -       A->Y   F     NAND2X4         1  4.3   115   158    2565    (-,-) 
  g209552/Y                            -       S0->Y  F     MXI2X8          8 27.7   116   338    2904    (-,-) 
  g209521/Y                            -       B->Y   F     AND2X6          4 15.9    89   152    3056    (-,-) 
  g209484/Y                            -       B->Y   F     CLKAND2X12     16 49.4   136   176    3231    (-,-) 
  g209336/Y                            -       A1->Y  R     AOI22X4         1  4.7   117   145    3376    (-,-) 
  g209309/Y                            -       B0->Y  F     OAI2BB1X2       1  5.3   186   182    3559    (-,-) 
  g209199/Y                            -       A->Y   R     NOR2X4          1  6.3   104   153    3712    (-,-) 
  g209169/Y                            -       A->Y   F     NAND2X6         2  6.6   111   123    3836    (-,-) 
  g212748/Y                            -       B->Y   R     MXI2X2          2  6.3    81   245    4081    (-,-) 
  g213242/Y                            -       B0->Y  R     OA21X1          3  9.4   211   271    4352    (-,-) 
  g209084/Y                            -       A->Y   F     INVX2           2  7.8   141   177    4530    (-,-) 
  g209023/Y                            -       B0->Y  R     AOI21X2         1  5.5   166   168    4698    (-,-) 
  g209014/Y                            -       B->Y   F     NAND2X4         2  6.8   146   160    4857    (-,-) 
  g213233/Y                            -       C->Y   R     NOR3BX2         1  4.9   224   200    5058    (-,-) 
  g208920/Y                            -       A->Y   R     CLKAND2X6       3 10.2    55   205    5263    (-,-) 
  g208900/Y                            -       B->Y   R     CLKAND2X6       4 13.1    65   122    5384    (-,-) 
  g208874/Y                            -       B->Y   R     CLKAND2X6       4 17.1    78   133    5518    (-,-) 
  g208849/Y                            -       B->Y   F     NAND2X6         2  8.6   128   111    5628    (-,-) 
  g208825/Y                            -       B->Y   R     NAND2X6         2  8.9    73    85    5713    (-,-) 
  g208811/Y                            -       B->Y   F     NOR2X6          2  8.6    73    68    5781    (-,-) 
  g208795/Y                            -       B->Y   R     NAND2X6         2  6.3    47    56    5837    (-,-) 
  g213476/Y                            -       AN->Y  R     NAND3BX2        1  4.3    91   126    5962    (-,-) 
  g208621/Y                            -       B->Y   R     AND2X4          8 23.6   155   253    6215    (-,-) 
  g208414/Y                            -       B->Y   R     OR2X2           3  9.2   112   205    6420    (-,-) 
  g208359/Y                            -       A->Y   F     INVX2           2 11.5   170   149    6569    (-,-) 
  g208344/Y                            -       A->Y   R     NAND2X8        13 29.2   115   132    6701    (-,-) 
  drc_bufs212805/Y                     -       A->Y   R     BUFX3           4 10.3    85   153    6854    (-,-) 
  g207999/Y                            -       B0->Y  R     OA22X1          1  4.3   109   248    7102    (-,-) 
  g207823__1617/Y                      -       B->Y   F     NAND2X1         1  4.1   257   211    7313    (-,-) 
  g213334/Y                            -       AN->Y  F     NAND3BX2        1  4.2   251   344    7657    (-,-) 
  g207712__2802/Y                      -       B->Y   R     NOR2X1          1  4.1   229   260    7916    (-,-) 
  g207410__6131/Y                      -       A->Y   R     AND2X1          1  4.1   101   258    8174    (-,-) 
  g206288__3680/Y                      -       A->Y   R     AND2X1          1  4.7   113   204    8379    (-,-) 
  g206158__4319/Y                      -       C->Y   F     NAND3X2         1  4.1   246   206    8585    (-,-) 
  g206029__5107/Y                      -       A->Y   F     OR2X1           2  5.9   163   285    8870    (-,-) 
  g206025__2398/Y                      -       A1N->Y F     OAI2BB1X1       1  4.2   264   261    9131    (-,-) 
  u_serializer_frame_shift_q_reg[17]/D <<<     -      F     DFFRHQX1        1    -     -     0    9131    (-,-) 
#---------------------------------------------------------------------------------------------------------------

