============================================================
  Generated by:           Genus(TM) Synthesis Solution 23.14-s090_1
  Generated on:           Aug 20 2026  03:56:56 pm
  Module:                 aer_adaptive_link_top
  Operating conditions:   PVT_0P9V_125C 
  Interconnect mode:      global
  Area mode:              physical library
============================================================

Timing
--------

Clock Period 
-------------
clk   9300.0 


  Cost    Critical         Violating 
 Group   Path Slack  TNS     Paths   
-------------------------------------
clk             0.0   0.0          0 
default    No paths   0.0            
-------------------------------------
Total                 0.0          0 

Instance Count
--------------
Leaf Instance Count             5439 
Physical Instance count            0 
Sequential Instance Count        572 
Combinational Instance Count    4867 
Hierarchical Instance Count        0 

Area
----
Cell Area                          16926.606
Physical Cell Area                 0.000
Total Cell Area (Cell+Physical)    16926.606
Net Area                           7485.179
Total Area (Cell+Physical+Net)     24411.785

Max Fanout                         572 (clk)
Min Fanout                         0 (rst_n)
Average Fanout                     2.4
Terms to net ratio                 3.3337
Terms to instance ratio            3.8112
Runtime                            1391.762636 seconds
Elapsed Runtime                    1373 seconds
Genus peak memory usage            4285.25 
Innovus peak memory usage          no_value 
Hostname                           snu.polaris.09
